Microchip MPLAB XC8 Compiler V1.37 ()

Linker command line:

-W-3 --edf=C:\Program Files\Microchip\xc8\v1.37\dat\en_msgs.txt \
  --msgdisable=752:off,520:off -cs \
  -h+dist/default/production\BufferTest.X.production.sym \
  --cmf=dist/default/production\BufferTest.X.production.cmf -z -Q16LF18855 \
  -oC:\Users\maspin\AppData\Local\Temp\s8j0.2 \
  -Mdist/default/production/BufferTest.X.production.map -E1 -ver=XC8 \
  -ASTACK=02070h-023efh -pstack=STACK -ACODE=00h-07FFhx4 \
  -ASTRCODE=00h-01FFFh -ASTRING=00h-0FFhx32 -ACONST=00h-0FFhx32 \
  -AENTRY=00h-0FFhx32 -ACOMMON=070h-07Fh -ABANK0=020h-06Fh \
  -ABANK1=0A0h-0EFh -ABANK2=0120h-016Fh -ABANK3=01A0h-01EFh \
  -ABANK4=0220h-026Fh -ABANK5=02A0h-02EFh -ABANK6=0320h-036Fh \
  -ABANK7=03A0h-03EFh -ABANK8=0420h-046Fh -ABANK9=04A0h-04EFh \
  -ABANK10=0520h-056Fh -ABANK11=05A0h-05EFh -ABANK12=0620h-064Fh \
  -ABIGRAM=02000h-023EFh \
  -ARAM=020h-06Fh,0A0h-0EFh,0120h-016Fh,01A0h-01EFh,0220h-026Fh,02A0h-02EFh,0320h-036Fh,03A0h-03EFh,0420h-046Fh,04A0h-04EFh,0520h-056Fh,05A0h-05EFh,0620h-064Fh \
  -AABS1=020h-07Fh,0A0h-0EFh,0120h-016Fh,01A0h-01EFh,0220h-026Fh,02A0h-02EFh,0320h-036Fh,03A0h-03EFh,0420h-046Fh,04A0h-04EFh,0520h-056Fh,05A0h-05EFh,0620h-064Fh \
  -ASFR0=00h-01Fh -ASFR1=080h-09Fh -ASFR2=0100h-011Fh -ASFR3=0180h-019Fh \
  -ASFR4=0200h-021Fh -ASFR5=0280h-029Fh -ASFR6=0300h-031Fh \
  -ASFR7=0380h-039Fh -ASFR8=0400h-041Fh -ASFR9=0480h-049Fh \
  -ASFR10=0500h-051Fh -ASFR11=0580h-059Fh -ASFR12=0600h-061Fh \
  -ASFR13=0680h-06EFh -ASFR14=0700h-076Fh -ASFR15=0780h-07EFh \
  -ASFR16=0800h-086Fh -ASFR17=0880h-08EFh -ASFR18=0900h-096Fh \
  -ASFR19=0980h-09EFh -ASFR20=0A00h-0A6Fh -ASFR21=0A80h-0AEFh \
  -ASFR22=0B00h-0B6Fh -ASFR23=0B80h-0BEFh -ASFR24=0C00h-0C6Fh \
  -ASFR25=0C80h-0CEFh -ASFR26=0D00h-0D6Fh -ASFR27=0D80h-0DEFh \
  -ASFR28=0E00h-0E6Fh -ASFR29=0E80h-0EEFh -ASFR30=0F00h-0F6Fh \
  -ASFR31=0F80h-0FEFh -preset_vec=00h,intentry=04h,init,end_init \
  -ppowerup=CODE -pcinit=CODE -pfunctab=CODE -ACONFIG=08007h-0800Bh \
  -pconfig=CONFIG -DCONFIG=2 -AIDLOC=08000h-08003h -pidloc=IDLOC -DIDLOC=2 \
  -AEEDATA=00h-0FFh/0F000h -peeprom_data=EEDATA -DEEDATA=2 -DCODE=2 \
  -DSTRCODE=2 -DSTRING=2 -DCONST=2 -DENTRY=2 -k \
  C:\Users\maspin\AppData\Local\Temp\s8j0.obj \
  dist/default/production\BufferTest.X.production.obj 

Object code version is 3.11

Machine type is 16LF18855



                Name                               Link     Load   Length Selector   Space Scale
C:\Users\maspin\AppData\Local\Temp\s8j0.obj
                end_init                             22       22        2        8       0
                reset_vec                             0        0        2        0       0
                config                             8007     8007        5    1000E       0
dist/default/production\BufferTest.X.production.obj
                cinit                                24       24       17        8       0
                intentry                              4        4       1E        8       0
                text20                              2D8      2D8        3        8       0
                text19                               D2       D2       96        8       0
                text18                              291      291        E        8       0
                text17                              2B6      2B6        7        8       0
                text16                              2AB      2AB        B        8       0
                text15                              208      208       2B        8       0
                text14                              2D5      2D5        3        8       0
                text13                              26D      26D       15        8       0
                text11                              233      233       1F        8       0
                text10                              282      282        F        8       0
                text9                               29F      29F        C        8       0
                text8                               1DC      1DC       2C        8       0
                text7                               2C9      2C9        6        8       0
                text6                               2C3      2C3        6        8       0
                text5                               1A8      1A8       34        8       0
                text4                                3B       3B       97        8       0
                text3                               2D2      2D2        3        8       0
                text2                               2CF      2CF        3        8       0
                text1                               252      252       1B        8       0
                maintext                            168      168       40        8       0
                cstackBANK0                          50       50        D       20       1
                cstackCOMMON                         70       70        A       70       1
                clrtext                             2BD      2BD        6        8       0
                bssBANK1                             A0       A0       20       A0       1
                bssBANK0                             20       20       30       20       1
                bssCOMMON                            7A       7A        4       70       1
                nvBANK0                              5D       5D        4       20       1

TOTAL           Name                               Link     Load   Length     Space
        CLASS   STACK          

        CLASS   CODE           
                end_init                             22       22        2         0
                cinit                                24       24       17         0
                intentry                              4        4       1E         0
                reset_vec                             0        0        2         0
                text20                              2D8      2D8        3         0
                text19                               D2       D2       96         0
                text18                              291      291        E         0
                text17                              2B6      2B6        7         0
                text16                              2AB      2AB        B         0
                text15                              208      208       2B         0
                text14                              2D5      2D5        3         0
                text13                              26D      26D       15         0
                text11                              233      233       1F         0
                text10                              282      282        F         0
                text9                               29F      29F        C         0
                text8                               1DC      1DC       2C         0
                text7                               2C9      2C9        6         0
                text6                               2C3      2C3        6         0
                text5                               1A8      1A8       34         0
                text4                                3B       3B       97         0
                text3                               2D2      2D2        3         0
                text2                               2CF      2CF        3         0
                text1                               252      252       1B         0
                maintext                            168      168       40         0
                clrtext                             2BD      2BD        6         0

        CLASS   STRCODE        

        CLASS   STRING         

        CLASS   CONST          

        CLASS   ENTRY          

        CLASS   COMMON         
                cstackCOMMON                         70       70        A         1
                bssCOMMON                            7A       7A        4         1

        CLASS   BANK0          
                cstackBANK0                          50       50        D         1
                bssBANK0                             20       20       30         1
                nvBANK0                              5D       5D        4         1

        CLASS   BANK1          
                bssBANK1                             A0       A0       20         1

        CLASS   BANK2          

        CLASS   BANK3          

        CLASS   BANK4          

        CLASS   BANK5          

        CLASS   BANK6          

        CLASS   BANK7          

        CLASS   BANK8          

        CLASS   BANK9          

        CLASS   BANK10         

        CLASS   BANK11         

        CLASS   BANK12         

        CLASS   BIGRAM         

        CLASS   RAM            

        CLASS   ABS1           
                abs_s1                               7E       7E        2         1

        CLASS   SFR0           

        CLASS   SFR1           

        CLASS   SFR2           

        CLASS   SFR3           

        CLASS   SFR4           

        CLASS   SFR5           

        CLASS   SFR6           

        CLASS   SFR7           

        CLASS   SFR8           

        CLASS   SFR9           

        CLASS   SFR10          

        CLASS   SFR11          

        CLASS   SFR12          

        CLASS   SFR13          

        CLASS   SFR14          

        CLASS   SFR15          

        CLASS   SFR16          

        CLASS   SFR17          

        CLASS   SFR18          

        CLASS   SFR19          

        CLASS   SFR20          

        CLASS   SFR21          

        CLASS   SFR22          

        CLASS   SFR23          

        CLASS   SFR24          

        CLASS   SFR25          

        CLASS   SFR26          

        CLASS   SFR27          

        CLASS   SFR28          

        CLASS   SFR29          

        CLASS   SFR30          

        CLASS   SFR31          

        CLASS   CONFIG         
                config                             8007     8007        5         0

        CLASS   IDLOC          

        CLASS   EEDATA         

        CLASS   BANK31         

        CLASS   BANK30         

        CLASS   BANK29         

        CLASS   BANK28         

        CLASS   BANK27         

        CLASS   BANK26         

        CLASS   BANK25         

        CLASS   BANK24         

        CLASS   BANK23         

        CLASS   BANK22         

        CLASS   BANK21         

        CLASS   BANK20         

        CLASS   BANK19         

        CLASS   BANK18         

        CLASS   BANK17         

        CLASS   BANK16         

        CLASS   BANK15         

        CLASS   BANK14         

        CLASS   BANK13         



SEGMENTS        Name                           Load    Length   Top    Selector   Space  Class     Delta

                reset_vec                      000000  000002  000002         0       0  CODE        2
                intentry                       000004  0002D7  0002DB         8       0  CODE        2
                bssBANK0                       000020  000041  000061        20       1  BANK0       1
                cstackCOMMON                   000070  00000E  00007E        70       1  COMMON      1
                bssBANK1                       0000A0  000020  0000C0        A0       1  BANK1       1
                config                         008007  000005  00800C     1000E       0  CONFIG      2


UNUSED ADDRESS RANGES

        Name                Unused          Largest block    Delta
        BANK0            00061-0006F               F           1
        BANK1            000C0-000EF              30           1
        BANK10           00520-0056F              50           1
        BANK11           005A0-005EF              50           1
        BANK12           00620-0064F              30           1
        BANK2            00120-0016F              50           1
        BANK3            001A0-001EF              50           1
        BANK4            00220-0026F              50           1
        BANK5            002A0-002EF              50           1
        BANK6            00320-0036F              50           1
        BANK7            003A0-003EF              50           1
        BANK8            00420-0046F              50           1
        BANK9            004A0-004EF              50           1
        BIGRAM           02000-023EF             3F0           1
        CODE             00002-00003               2           2
                         002DB-01FFF             800
        CONST            00002-00003               2           2
                         002DB-01FFF             100
        EEDATA           0F000-0F0FF             100           2
        ENTRY            00002-00003               2           2
                         002DB-01FFF             100
        IDLOC            08000-08003               4           2
        RAM              00061-0006F               F           1
                         000C0-000EF              30
                         00120-0016F              50
                         001A0-001EF              50
                         00220-0026F              50
                         002A0-002EF              50
                         00320-0036F              50
                         003A0-003EF              50
                         00420-0046F              50
                         004A0-004EF              50
                         00520-0056F              50
                         005A0-005EF              50
                         00620-0064F              30
        SFR0             00000-0001F              20           1
        SFR1             00080-0009F              20           1
        SFR10            00500-0051F              20           1
        SFR11            00580-0059F              20           1
        SFR12            00600-0061F              20           1
        SFR13            00680-006EF              70           1
        SFR14            00700-0076F              70           1
        SFR15            00780-007EF              70           1
        SFR16            00800-0086F              70           1
        SFR17            00880-008EF              70           1
        SFR18            00900-0096F              70           1
        SFR19            00980-009EF              70           1
        SFR2             00100-0011F              20           1
        SFR20            00A00-00A6F              70           1
        SFR21            00A80-00AEF              70           1
        SFR22            00B00-00B6F              70           1
        SFR23            00B80-00BEF              70           1
        SFR24            00C00-00C6F              70           1
        SFR25            00C80-00CEF              70           1
        SFR26            00D00-00D6F              70           1
        SFR27            00D80-00DEF              70           1
        SFR28            00E00-00E6F              70           1
        SFR29            00E80-00EEF              70           1
        SFR3             00180-0019F              20           1
        SFR30            00F00-00F6F              70           1
        SFR31            00F80-00FEF              70           1
        SFR4             00200-0021F              20           1
        SFR5             00280-0029F              20           1
        SFR6             00300-0031F              20           1
        SFR7             00380-0039F              20           1
        SFR8             00400-0041F              20           1
        SFR9             00480-0049F              20           1
        STACK            02070-023EF             380           1
        STRCODE          00002-00003               2           2
                         002DB-01FFF            1D25
        STRING           00002-00003               2           2
                         002DB-01FFF             100

                                  Symbol Table

Buffer_Init@arrayIn                  cstackBANK0  00055
Buffer_Init@arrayInSize              cstackBANK0  00056
Buffer_Init@self                     cstackBANK0  00059
Buffer_InitWithOverwrite@arrayIn     cstackBANK0  00050
Buffer_InitWithOverwrite@arrayInSize cstackBANK0  00051
Buffer_InitWithOverwrite@overwrite   cstackBANK0  00052
Buffer_InitWithOverwrite@self        cstackBANK0  00054
Buffer_IsFull@self                   cstackBANK0  00055
Buffer_IsFull@tempHead               cstackBANK0  00054
Buffer_IsNotEmpty@self               cstackBANK0  00050
Buffer_ReadChar@dataToReturn         cstackBANK0  00052
Buffer_ReadChar@self                 cstackBANK0  00053
Buffer_WriteChar@receivedChar        cstackBANK0  00050
Buffer_WriteChar@self                cstackBANK0  00056
Buffer_WriteChar@tempHead            cstackBANK0  00055
Set_EUSART_Receive_ISR@Function      cstackBANK0  00050
Set_EUSART_Transmit_ISR@Function     cstackBANK0  00050
TransmitChar@dataToSend              cstackBANK0  00058
UARTReceiveInterrupt@receivedChar    cstackCOMMON 00078
UARTTransmitChar@data                cstackCOMMON 00070
UARTTransmitFinished@dataToSend      cstackCOMMON 00075
_ANSELA                              (abs)        00F38
_ANSELB                              (abs)        00F43
_ANSELC                              (abs)        00F4E
_BAUD1CON                            (abs)        0011F
_Buffer_Init                         text10       00282
_Buffer_InitWithOverwrite            text11       00233
_Buffer_IsFull                       text5        001A8
_Buffer_IsFull$404                   cstackBANK0  00052
_Buffer_IsNotEmpty                   text9        0029F
_Buffer_OverflowCallback             bssBANK0     00020
_Buffer_ReadChar                     text8        001DC
_Buffer_WriteChar                    text4        0003B
_Buffer_WriteChar$367                cstackBANK0  00053
_EUSART_Receive_ISR                  nvBANK0      0005D
_EUSART_Transmit_ISR                 nvBANK0      0005F
_GIE                                 (abs)        0005F
_INTCONbits                          (abs)        0000B
_INTERRUPT_InterruptManager          intentry     00004
_LATA                                (abs)        00016
_LATB                                (abs)        00017
_LATC                                (abs)        00018
_OSCCON1                             (abs)        0088D
_OSCCON3                             (abs)        0088F
_OSCEN                               (abs)        00891
_OSCFRQ                              (abs)        00893
_OSCTUNE                             (abs)        00892
_PIE3bits                            (abs)        00719
_PIR3bits                            (abs)        0070F
_PPSLOCK                             (abs)        00E8F
_PPSLOCKbits                         (abs)        00E8F
_RB4PPS                              (abs)        00F1C
_RC1REG                              (abs)        00119
_RC1STA                              (abs)        0011D
_RC6PPS                              (abs)        00F26
_RXPPSbits                           (abs)        00ECB
_SP1BRGH                             (abs)        0011C
_SP1BRGL                             (abs)        0011B
_Set_EUSART_Receive_ISR              text7        002C9
_Set_EUSART_Transmit_ISR             text6        002C3
_TRISA                               (abs)        00011
_TRISB                               (abs)        00012
_TRISC                               (abs)        00013
_TX1REG                              (abs)        0011A
_TX1STA                              (abs)        0011E
_TransmitChar                        text1        00252
_UARTGetReceivedChar                 text20       002D8
_UARTReceiveInterrupt                text18       00291
_UARTReceiveInterruptCallback        bssCOMMON    0007A
_UARTTransmitChar                    text17       002B6
_UARTTransmitDisable                 text3        002D2
_UARTTransmitEnable                  text2        002CF
_UARTTransmitFinished                text13       0026D
_UARTTransmitFinishedCallback        bssCOMMON    0007C
_WPUA                                (abs)        00F39
_WPUB                                (abs)        00F44
_WPUC                                (abs)        00F4F
_WPUE                                (abs)        00F65
__CFG_BOREN$ON                       (abs)        00000
__CFG_BORV$LO                        (abs)        00000
__CFG_CLKOUTEN$OFF                   (abs)        00000
__CFG_CP$OFF                         (abs)        00000
__CFG_CPD$OFF                        (abs)        00000
__CFG_CSWEN$ON                       (abs)        00000
__CFG_FCMEN$ON                       (abs)        00000
__CFG_FEXTOSC$OFF                    (abs)        00000
__CFG_LPBOREN$OFF                    (abs)        00000
__CFG_LVP$ON                         (abs)        00000
__CFG_MCLRE$ON                       (abs)        00000
__CFG_PPS1WAY$ON                     (abs)        00000
__CFG_PWRTE$OFF                      (abs)        00000
__CFG_RSTOSC$HFINT1                  (abs)        00000
__CFG_SCANE$available                (abs)        00000
__CFG_STVREN$ON                      (abs)        00000
__CFG_WDTCCS$SC                      (abs)        00000
__CFG_WDTCPS$WDTCPS_31               (abs)        00000
__CFG_WDTCWS$WDTCWS_7                (abs)        00000
__CFG_WDTE$OFF                       (abs)        00000
__CFG_WRT$OFF                        (abs)        00000
__CFG_ZCD$ON                         (abs)        00000
__Habs1                              abs1         00000
__Hbank0                             bank0        00000
__Hbank1                             bank1        00000
__Hbank10                            bank10       00000
__Hbank11                            bank11       00000
__Hbank12                            bank12       00000
__Hbank13                            bank13       00000
__Hbank14                            bank14       00000
__Hbank15                            bank15       00000
__Hbank16                            bank16       00000
__Hbank17                            bank17       00000
__Hbank18                            bank18       00000
__Hbank19                            bank19       00000
__Hbank2                             bank2        00000
__Hbank20                            bank20       00000
__Hbank21                            bank21       00000
__Hbank22                            bank22       00000
__Hbank23                            bank23       00000
__Hbank24                            bank24       00000
__Hbank25                            bank25       00000
__Hbank26                            bank26       00000
__Hbank27                            bank27       00000
__Hbank28                            bank28       00000
__Hbank29                            bank29       00000
__Hbank3                             bank3        00000
__Hbank30                            bank30       00000
__Hbank31                            bank31       00000
__Hbank4                             bank4        00000
__Hbank5                             bank5        00000
__Hbank6                             bank6        00000
__Hbank7                             bank7        00000
__Hbank8                             bank8        00000
__Hbank9                             bank9        00000
__Hbigram                            bigram       00000
__HbssBANK0                          bssBANK0     00000
__HbssBANK1                          bssBANK1     00000
__HbssCOMMON                         bssCOMMON    00000
__Hcinit                             cinit        0003B
__Hclrtext                           clrtext      00000
__Hcode                              code         00000
__Hcommon                            common       00000
__Hconfig                            config       0800C
__HcstackBANK0                       cstackBANK0  00000
__HcstackCOMMON                      cstackCOMMON 00000
__Heeprom_data                       eeprom_data  00000
__Hend_init                          end_init     00024
__Hfunctab                           functab      00000
__Hidloc                             idloc        00000
__Hinit                              init         00022
__Hintentry                          intentry     00022
__Hmaintext                          maintext     00000
__HnvBANK0                           nvBANK0      00000
__Hpowerup                           powerup      00000
__Hram                               ram          00000
__Hreset_vec                         reset_vec    00002
__Hsfr0                              sfr0         00000
__Hsfr1                              sfr1         00000
__Hsfr10                             sfr10        00000
__Hsfr11                             sfr11        00000
__Hsfr12                             sfr12        00000
__Hsfr13                             sfr13        00000
__Hsfr14                             sfr14        00000
__Hsfr15                             sfr15        00000
__Hsfr16                             sfr16        00000
__Hsfr17                             sfr17        00000
__Hsfr18                             sfr18        00000
__Hsfr19                             sfr19        00000
__Hsfr2                              sfr2         00000
__Hsfr20                             sfr20        00000
__Hsfr21                             sfr21        00000
__Hsfr22                             sfr22        00000
__Hsfr23                             sfr23        00000
__Hsfr24                             sfr24        00000
__Hsfr25                             sfr25        00000
__Hsfr26                             sfr26        00000
__Hsfr27                             sfr27        00000
__Hsfr28                             sfr28        00000
__Hsfr29                             sfr29        00000
__Hsfr3                              sfr3         00000
__Hsfr30                             sfr30        00000
__Hsfr31                             sfr31        00000
__Hsfr4                              sfr4         00000
__Hsfr5                              sfr5         00000
__Hsfr6                              sfr6         00000
__Hsfr7                              sfr7         00000
__Hsfr8                              sfr8         00000
__Hsfr9                              sfr9         00000
__Hspace_0                           (abs)        0800C
__Hspace_1                           (abs)        000C0
__Hspace_2                           (abs)        00000
__Hspace_3                           (abs)        00000
__Hstack                             stack        00000
__Hstrings                           strings      00000
__Htext                              text         00000
__Labs1                              abs1         00000
__Lbank0                             bank0        00000
__Lbank1                             bank1        00000
__Lbank10                            bank10       00000
__Lbank11                            bank11       00000
__Lbank12                            bank12       00000
__Lbank13                            bank13       00000
__Lbank14                            bank14       00000
__Lbank15                            bank15       00000
__Lbank16                            bank16       00000
__Lbank17                            bank17       00000
__Lbank18                            bank18       00000
__Lbank19                            bank19       00000
__Lbank2                             bank2        00000
__Lbank20                            bank20       00000
__Lbank21                            bank21       00000
__Lbank22                            bank22       00000
__Lbank23                            bank23       00000
__Lbank24                            bank24       00000
__Lbank25                            bank25       00000
__Lbank26                            bank26       00000
__Lbank27                            bank27       00000
__Lbank28                            bank28       00000
__Lbank29                            bank29       00000
__Lbank3                             bank3        00000
__Lbank30                            bank30       00000
__Lbank31                            bank31       00000
__Lbank4                             bank4        00000
__Lbank5                             bank5        00000
__Lbank6                             bank6        00000
__Lbank7                             bank7        00000
__Lbank8                             bank8        00000
__Lbank9                             bank9        00000
__Lbigram                            bigram       00000
__LbssBANK0                          bssBANK0     00000
__LbssBANK1                          bssBANK1     00000
__LbssCOMMON                         bssCOMMON    00000
__Lcinit                             cinit        00024
__Lclrtext                           clrtext      00000
__Lcode                              code         00000
__Lcommon                            common       00000
__Lconfig                            config       08007
__LcstackBANK0                       cstackBANK0  00000
__LcstackCOMMON                      cstackCOMMON 00000
__Leeprom_data                       eeprom_data  00000
__Lend_init                          end_init     00022
__Lfunctab                           functab      00000
__Lidloc                             idloc        00000
__Linit                              init         00022
__Lintentry                          intentry     00004
__Lmaintext                          maintext     00000
__LnvBANK0                           nvBANK0      00000
__Lpowerup                           powerup      00000
__Lram                               ram          00000
__Lreset_vec                         reset_vec    00000
__Lsfr0                              sfr0         00000
__Lsfr1                              sfr1         00000
__Lsfr10                             sfr10        00000
__Lsfr11                             sfr11        00000
__Lsfr12                             sfr12        00000
__Lsfr13                             sfr13        00000
__Lsfr14                             sfr14        00000
__Lsfr15                             sfr15        00000
__Lsfr16                             sfr16        00000
__Lsfr17                             sfr17        00000
__Lsfr18                             sfr18        00000
__Lsfr19                             sfr19        00000
__Lsfr2                              sfr2         00000
__Lsfr20                             sfr20        00000
__Lsfr21                             sfr21        00000
__Lsfr22                             sfr22        00000
__Lsfr23                             sfr23        00000
__Lsfr24                             sfr24        00000
__Lsfr25                             sfr25        00000
__Lsfr26                             sfr26        00000
__Lsfr27                             sfr27        00000
__Lsfr28                             sfr28        00000
__Lsfr29                             sfr29        00000
__Lsfr3                              sfr3         00000
__Lsfr30                             sfr30        00000
__Lsfr31                             sfr31        00000
__Lsfr4                              sfr4         00000
__Lsfr5                              sfr5         00000
__Lsfr6                              sfr6         00000
__Lsfr7                              sfr7         00000
__Lsfr8                              sfr8         00000
__Lsfr9                              sfr9         00000
__Lspace_0                           (abs)        00000
__Lspace_1                           (abs)        00000
__Lspace_2                           (abs)        00000
__Lspace_3                           (abs)        00000
__Lstack                             stack        00000
__Lstrings                           strings      00000
__Ltext                              text         00000
__S0                                 (abs)        0800C
__S1                                 (abs)        000C0
__S2                                 (abs)        00000
__S3                                 (abs)        00000
___int_sp                            stack        00000
___latbits                           (abs)        00002
___sp                                stack        00000
__end_of_Buffer_Init                 text10       00291
__end_of_Buffer_InitWithOverwrite    text11       00252
__end_of_Buffer_IsFull               text5        001DC
__end_of_Buffer_IsNotEmpty           text9        002AB
__end_of_Buffer_ReadChar             text8        00208
__end_of_Buffer_WriteChar            text4        000D2
__end_of_INTERRUPT_InterruptManager  intentry     00022
__end_of_Set_EUSART_Receive_ISR      text7        002CF
__end_of_Set_EUSART_Transmit_ISR     text6        002C9
__end_of_TransmitChar                text1        0026D
__end_of_UARTGetReceivedChar         text20       002DB
__end_of_UARTReceiveInterrupt        text18       0029F
__end_of_UARTTransmitChar            text17       002BD
__end_of_UARTTransmitDisable         text3        002D5
__end_of_UARTTransmitEnable          text2        002D2
__end_of_UARTTransmitFinished        text13       00282
__end_of__initialization             cinit        00037
__end_of_main                        maintext     001A8
__end_ofi1_Buffer_IsNotEmpty         text16       002B6
__end_ofi1_Buffer_ReadChar           text15       00233
__end_ofi1_Buffer_WriteChar          text19       00168
__end_ofi1_UARTTransmitDisable       text14       002D8
__initialization                     cinit        00024
__pbssBANK0                          bssBANK0     00020
__pbssBANK1                          bssBANK1     000A0
__pbssCOMMON                         bssCOMMON    0007A
__pcstackBANK0                       cstackBANK0  00050
__pcstackCOMMON                      cstackCOMMON 00070
__pintentry                          intentry     00004
__pmaintext                          maintext     00168
__pnvBANK0                           nvBANK0      0005D
__ptext1                             text1        00252
__ptext10                            text10       00282
__ptext11                            text11       00233
__ptext13                            text13       0026D
__ptext14                            text14       002D5
__ptext15                            text15       00208
__ptext16                            text16       002AB
__ptext17                            text17       002B6
__ptext18                            text18       00291
__ptext19                            text19       000D2
__ptext2                             text2        002CF
__ptext20                            text20       002D8
__ptext3                             text3        002D2
__ptext4                             text4        0003B
__ptext5                             text5        001A8
__ptext6                             text6        002C3
__ptext7                             text7        002C9
__ptext8                             text8        001DC
__ptext9                             text9        0029F
__size_of_Buffer_Init                (abs)        00000
__size_of_Buffer_InitWithOverwrite   (abs)        00000
__size_of_Buffer_IsFull              (abs)        00000
__size_of_Buffer_IsNotEmpty          (abs)        00000
__size_of_Buffer_ReadChar            (abs)        00000
__size_of_Buffer_WriteChar           (abs)        00000
__size_of_INTERRUPT_InterruptManager (abs)        00000
__size_of_Set_EUSART_Receive_ISR     (abs)        00000
__size_of_Set_EUSART_Transmit_ISR    (abs)        00000
__size_of_TransmitChar               (abs)        00000
__size_of_UARTGetReceivedChar        (abs)        00000
__size_of_UARTReceiveInterrupt       (abs)        00000
__size_of_UARTTransmitChar           (abs)        00000
__size_of_UARTTransmitDisable        (abs)        00000
__size_of_UARTTransmitEnable         (abs)        00000
__size_of_UARTTransmitFinished       (abs)        00000
__size_of_main                       (abs)        00000
__size_ofi1_Buffer_IsNotEmpty        (abs)        00000
__size_ofi1_Buffer_ReadChar          (abs)        00000
__size_ofi1_Buffer_WriteChar         (abs)        00000
__size_ofi1_UARTTransmitDisable      (abs)        00000
_main                                maintext     00168
_rxArray                             bssBANK0     00022
_rxBuffer                            bssBANK0     00042
_txArray                             bssBANK1     000A0
_txBuffer                            bssBANK0     00049
btemp                                (abs)        0007E
clear_ram0                           clrtext      002BD
end_of_initialization                cinit        00037
i1Buffer_IsNotEmpty@self             cstackCOMMON 00070
i1Buffer_ReadChar@dataToReturn       cstackCOMMON 00072
i1Buffer_ReadChar@self               cstackCOMMON 00073
i1Buffer_WriteChar@receivedChar      cstackCOMMON 00070
i1Buffer_WriteChar@self              cstackCOMMON 00076
i1Buffer_WriteChar@tempHead          cstackCOMMON 00075
i1_Buffer_IsNotEmpty                 text16       002AB
i1_Buffer_ReadChar                   text15       00208
i1_Buffer_WriteChar                  text19       000D2
i1_Buffer_WriteChar$367              cstackCOMMON 00073
i1_UARTTransmitDisable               text14       002D5
int$flags                            (abs)        0007E
intlevel0                            functab      00000
intlevel1                            functab      00000
intlevel2                            functab      00000
intlevel3                            functab      00000
intlevel4                            functab      00000
intlevel5                            functab      00000
ltemp                                (abs)        0007E
ltemp0                               (abs)        0007E
ltemp1                               (abs)        00082
ltemp2                               (abs)        00086
ltemp3                               (abs)        00080
main@receivedData                    cstackBANK0  0005C
reset_vec                            reset_vec    00000
stackhi                              (abs)        023EF
stacklo                              (abs)        02070
start                                init         00022
start_initialization                 cinit        00024
ttemp                                (abs)        0007E
ttemp0                               (abs)        0007E
ttemp1                               (abs)        00081
ttemp2                               (abs)        00084
ttemp3                               (abs)        00087
ttemp4                               (abs)        0007F
wtemp                                (abs)        0007E
wtemp0                               (abs)        0007E
wtemp1                               (abs)        00080
wtemp2                               (abs)        00082
wtemp3                               (abs)        00084
wtemp4                               (abs)        00086
wtemp5                               (abs)        00088
wtemp6                               (abs)        0007F


FUNCTION INFORMATION:

 *************** function _main *****************
 Defined at:
		line 39 in file "Source/main.c"
 Parameters:    Size  Location     Type
		None
 Auto vars:     Size  Location     Type
  receivedData    1   12[BANK0 ] unsigned char 
 Return value:  Size  Location     Type
                  1    wreg      void 
 Registers used:
		wreg, fsr0l, fsr0h, fsr1l, fsr1h, status,2, status,0, pclath, cstack
 Tracked objects:
		On entry : 
		On exit  : 
		Unchanged: 
 Data sizes:     COMMON   BANK0   BANK1   BANK2   BANK3   BANK4   BANK5   BANK6   BANK7   BANK8   BANK9  BANK10  BANK11  BANK12
      Params:         0       0       0       0       0       0       0       0       0       0       0       0       0       0
      Locals:         0       1       0       0       0       0       0       0       0       0       0       0       0       0
      Temps:          0       2       0       0       0       0       0       0       0       0       0       0       0       0
      Totals:         0       3       0       0       0       0       0       0       0       0       0       0       0       0
Total ram usage:        3 bytes
 Hardware stack levels required when called:    5
 This function calls:
		_Buffer_Init
		_Buffer_IsNotEmpty
		_Buffer_ReadChar
		_Set_EUSART_Receive_ISR
		_Set_EUSART_Transmit_ISR
		_TransmitChar
 This function is called by:
		Startup code after reset
 This function uses a non-reentrant model


 *************** function _TransmitChar *****************
 Defined at:
		line 126 in file "Source/main.c"
 Parameters:    Size  Location     Type
  dataToSend      1    wreg     unsigned char 
 Auto vars:     Size  Location     Type
  dataToSend      1    8[BANK0 ] unsigned char 
 Return value:  Size  Location     Type
                  1    wreg      void 
 Registers used:
		wreg, fsr0l, fsr0h, fsr1l, fsr1h, status,2, status,0, pclath, cstack
 Tracked objects:
		On entry : 
		On exit  : 
		Unchanged: 
 Data sizes:     COMMON   BANK0   BANK1   BANK2   BANK3   BANK4   BANK5   BANK6   BANK7   BANK8   BANK9  BANK10  BANK11  BANK12
      Params:         0       0       0       0       0       0       0       0       0       0       0       0       0       0
      Locals:         0       1       0       0       0       0       0       0       0       0       0       0       0       0
      Temps:          0       1       0       0       0       0       0       0       0       0       0       0       0       0
      Totals:         0       2       0       0       0       0       0       0       0       0       0       0       0       0
Total ram usage:        2 bytes
 Hardware stack levels used:    1
 Hardware stack levels required when called:    4
 This function calls:
		_Buffer_IsFull
		_Buffer_WriteChar
		_UARTTransmitDisable
		_UARTTransmitEnable
 This function is called by:
		_main
 This function uses a non-reentrant model


 *************** function _UARTTransmitEnable *****************
 Defined at:
		line 81 in file "Source/UART.c"
 Parameters:    Size  Location     Type
		None
 Auto vars:     Size  Location     Type
		None
 Return value:  Size  Location     Type
                  1    wreg      void 
 Registers used:
		None
 Tracked objects:
		On entry : 
		On exit  : 
		Unchanged: 
 Data sizes:     COMMON   BANK0   BANK1   BANK2   BANK3   BANK4   BANK5   BANK6   BANK7   BANK8   BANK9  BANK10  BANK11  BANK12
      Params:         0       0       0       0       0       0       0       0       0       0       0       0       0       0
      Locals:         0       0       0       0       0       0       0       0       0       0       0       0       0       0
      Temps:          0       0       0       0       0       0       0       0       0       0       0       0       0       0
      Totals:         0       0       0       0       0       0       0       0       0       0       0       0       0       0
Total ram usage:        0 bytes
 Hardware stack levels used:    1
 Hardware stack levels required when called:    3
 This function calls:
		Nothing
 This function is called by:
		_TransmitChar
 This function uses a non-reentrant model


 *************** function _UARTTransmitDisable *****************
 Defined at:
		line 86 in file "Source/UART.c"
 Parameters:    Size  Location     Type
		None
 Auto vars:     Size  Location     Type
		None
 Return value:  Size  Location     Type
                  1    wreg      void 
 Registers used:
		None
 Tracked objects:
		On entry : 
		On exit  : 
		Unchanged: 
 Data sizes:     COMMON   BANK0   BANK1   BANK2   BANK3   BANK4   BANK5   BANK6   BANK7   BANK8   BANK9  BANK10  BANK11  BANK12
      Params:         0       0       0       0       0       0       0       0       0       0       0       0       0       0
      Locals:         0       0       0       0       0       0       0       0       0       0       0       0       0       0
      Temps:          0       0       0       0       0       0       0       0       0       0       0       0       0       0
      Totals:         0       0       0       0       0       0       0       0       0       0       0       0       0       0
Total ram usage:        0 bytes
 Hardware stack levels used:    1
 Hardware stack levels required when called:    3
 This function calls:
		Nothing
 This function is called by:
		_TransmitChar
 This function uses a non-reentrant model


 *************** function _Buffer_WriteChar *****************
 Defined at:
		line 56 in file "Source/Buffer.c"
 Parameters:    Size  Location     Type
  self            1    wreg     PTR struct Buffer
		 -> txBuffer(7), rxBuffer(7), 
  receivedChar    1    0[BANK0 ] unsigned char 
 Auto vars:     Size  Location     Type
  self            1    6[BANK0 ] PTR struct Buffer
		 -> txBuffer(7), rxBuffer(7), 
  tempHead        1    5[BANK0 ] unsigned char 
 Return value:  Size  Location     Type
                  1    wreg      void 
 Registers used:
		wreg, fsr0l, fsr0h, fsr1l, fsr1h, status,2, status,0
 Tracked objects:
		On entry : 
		On exit  : 
		Unchanged: 
 Data sizes:     COMMON   BANK0   BANK1   BANK2   BANK3   BANK4   BANK5   BANK6   BANK7   BANK8   BANK9  BANK10  BANK11  BANK12
      Params:         0       1       0       0       0       0       0       0       0       0       0       0       0       0
      Locals:         0       4       0       0       0       0       0       0       0       0       0       0       0       0
      Temps:          0       2       0       0       0       0       0       0       0       0       0       0       0       0
      Totals:         0       7       0       0       0       0       0       0       0       0       0       0       0       0
Total ram usage:        7 bytes
 Hardware stack levels used:    1
 Hardware stack levels required when called:    3
 This function calls:
		Nothing
 This function is called by:
		_TransmitChar
 This function uses a non-reentrant model


 *************** function _Buffer_IsFull *****************
 Defined at:
		line 127 in file "Source/Buffer.c"
 Parameters:    Size  Location     Type
  self            1    wreg     PTR struct Buffer
		 -> txBuffer(7), 
 Auto vars:     Size  Location     Type
  self            1    5[BANK0 ] PTR struct Buffer
		 -> txBuffer(7), 
  tempHead        1    4[BANK0 ] unsigned char 
 Return value:  Size  Location     Type
                  1    wreg      unsigned char 
 Registers used:
		wreg, fsr1l, fsr1h, status,2, status,0
 Tracked objects:
		On entry : 
		On exit  : 
		Unchanged: 
 Data sizes:     COMMON   BANK0   BANK1   BANK2   BANK3   BANK4   BANK5   BANK6   BANK7   BANK8   BANK9  BANK10  BANK11  BANK12
      Params:         0       0       0       0       0       0       0       0       0       0       0       0       0       0
      Locals:         0       4       0       0       0       0       0       0       0       0       0       0       0       0
      Temps:          0       2       0       0       0       0       0       0       0       0       0       0       0       0
      Totals:         0       6       0       0       0       0       0       0       0       0       0       0       0       0
Total ram usage:        6 bytes
 Hardware stack levels used:    1
 Hardware stack levels required when called:    3
 This function calls:
		Nothing
 This function is called by:
		_TransmitChar
 This function uses a non-reentrant model


 *************** function _Set_EUSART_Transmit_ISR *****************
 Defined at:
		line 35 in file "mcc_generated_files/interrupt_manager.c"
 Parameters:    Size  Location     Type
  Function        2    0[BANK0 ] PTR FTN()void 
		 -> UARTTransmitFinished(1), 
 Auto vars:     Size  Location     Type
		None
 Return value:  Size  Location     Type
                  1    wreg      void 
 Registers used:
		wreg
 Tracked objects:
		On entry : 
		On exit  : 
		Unchanged: 
 Data sizes:     COMMON   BANK0   BANK1   BANK2   BANK3   BANK4   BANK5   BANK6   BANK7   BANK8   BANK9  BANK10  BANK11  BANK12
      Params:         0       2       0       0       0       0       0       0       0       0       0       0       0       0
      Locals:         0       0       0       0       0       0       0       0       0       0       0       0       0       0
      Temps:          0       0       0       0       0       0       0       0       0       0       0       0       0       0
      Totals:         0       2       0       0       0       0       0       0       0       0       0       0       0       0
Total ram usage:        2 bytes
 Hardware stack levels used:    1
 Hardware stack levels required when called:    3
 This function calls:
		Nothing
 This function is called by:
		_main
 This function uses a non-reentrant model


 *************** function _Set_EUSART_Receive_ISR *****************
 Defined at:
		line 40 in file "mcc_generated_files/interrupt_manager.c"
 Parameters:    Size  Location     Type
  Function        2    0[BANK0 ] PTR FTN()void 
		 -> UARTReceiveInterrupt(1), 
 Auto vars:     Size  Location     Type
		None
 Return value:  Size  Location     Type
                  1    wreg      void 
 Registers used:
		wreg
 Tracked objects:
		On entry : 
		On exit  : 
		Unchanged: 
 Data sizes:     COMMON   BANK0   BANK1   BANK2   BANK3   BANK4   BANK5   BANK6   BANK7   BANK8   BANK9  BANK10  BANK11  BANK12
      Params:         0       2       0       0       0       0       0       0       0       0       0       0       0       0
      Locals:         0       0       0       0       0       0       0       0       0       0       0       0       0       0
      Temps:          0       0       0       0       0       0       0       0       0       0       0       0       0       0
      Totals:         0       2       0       0       0       0       0       0       0       0       0       0       0       0
Total ram usage:        2 bytes
 Hardware stack levels used:    1
 Hardware stack levels required when called:    3
 This function calls:
		Nothing
 This function is called by:
		_main
 This function uses a non-reentrant model


 *************** function _Buffer_ReadChar *****************
 Defined at:
		line 97 in file "Source/Buffer.c"
 Parameters:    Size  Location     Type
  self            1    wreg     PTR struct Buffer
		 -> txBuffer(7), rxBuffer(7), 
 Auto vars:     Size  Location     Type
  self            1    3[BANK0 ] PTR struct Buffer
		 -> txBuffer(7), rxBuffer(7), 
  dataToReturn    1    2[BANK0 ] unsigned char 
 Return value:  Size  Location     Type
                  1    wreg      unsigned char 
 Registers used:
		wreg, fsr0l, fsr0h, fsr1l, fsr1h, status,2, status,0
 Tracked objects:
		On entry : 
		On exit  : 
		Unchanged: 
 Data sizes:     COMMON   BANK0   BANK1   BANK2   BANK3   BANK4   BANK5   BANK6   BANK7   BANK8   BANK9  BANK10  BANK11  BANK12
      Params:         0       0       0       0       0       0       0       0       0       0       0       0       0       0
      Locals:         0       2       0       0       0       0       0       0       0       0       0       0       0       0
      Temps:          0       2       0       0       0       0       0       0       0       0       0       0       0       0
      Totals:         0       4       0       0       0       0       0       0       0       0       0       0       0       0
Total ram usage:        4 bytes
 Hardware stack levels used:    1
 Hardware stack levels required when called:    3
 This function calls:
		Nothing
 This function is called by:
		_main
 This function uses a non-reentrant model


 *************** function _Buffer_IsNotEmpty *****************
 Defined at:
		line 140 in file "Source/Buffer.c"
 Parameters:    Size  Location     Type
  self            1    wreg     PTR struct Buffer
		 -> txBuffer(7), rxBuffer(7), 
 Auto vars:     Size  Location     Type
  self            1    0[BANK0 ] PTR struct Buffer
		 -> txBuffer(7), rxBuffer(7), 
 Return value:  Size  Location     Type
                  1    wreg      unsigned char 
 Registers used:
		wreg, fsr1l, fsr1h, status,2, status,0
 Tracked objects:
		On entry : 
		On exit  : 
		Unchanged: 
 Data sizes:     COMMON   BANK0   BANK1   BANK2   BANK3   BANK4   BANK5   BANK6   BANK7   BANK8   BANK9  BANK10  BANK11  BANK12
      Params:         0       0       0       0       0       0       0       0       0       0       0       0       0       0
      Locals:         0       1       0       0       0       0       0       0       0       0       0       0       0       0
      Temps:          0       0       0       0       0       0       0       0       0       0       0       0       0       0
      Totals:         0       1       0       0       0       0       0       0       0       0       0       0       0       0
Total ram usage:        1 bytes
 Hardware stack levels used:    1
 Hardware stack levels required when called:    3
 This function calls:
		Nothing
 This function is called by:
		_main
 This function uses a non-reentrant model


 *************** function _Buffer_Init *****************
 Defined at:
		line 33 in file "Source/Buffer.c"
 Parameters:    Size  Location     Type
  self            1    wreg     PTR struct Buffer
		 -> txBuffer(7), rxBuffer(7), 
  arrayIn         1    5[BANK0 ] PTR unsigned char 
		 -> txArray(32), rxArray(32), 
  arrayInSize     1    6[BANK0 ] unsigned char 
 Auto vars:     Size  Location     Type
  self            1    9[BANK0 ] PTR struct Buffer
		 -> txBuffer(7), rxBuffer(7), 
 Return value:  Size  Location     Type
                  1    wreg      void 
 Registers used:
		wreg, fsr1l, fsr1h, status,2, status,0, pclath, cstack
 Tracked objects:
		On entry : 
		On exit  : 
		Unchanged: 
 Data sizes:     COMMON   BANK0   BANK1   BANK2   BANK3   BANK4   BANK5   BANK6   BANK7   BANK8   BANK9  BANK10  BANK11  BANK12
      Params:         0       2       0       0       0       0       0       0       0       0       0       0       0       0
      Locals:         0       1       0       0       0       0       0       0       0       0       0       0       0       0
      Temps:          0       2       0       0       0       0       0       0       0       0       0       0       0       0
      Totals:         0       5       0       0       0       0       0       0       0       0       0       0       0       0
Total ram usage:        5 bytes
 Hardware stack levels used:    1
 Hardware stack levels required when called:    4
 This function calls:
		_Buffer_InitWithOverwrite
 This function is called by:
		_main
 This function uses a non-reentrant model


 *************** function _Buffer_InitWithOverwrite *****************
 Defined at:
		line 38 in file "Source/Buffer.c"
 Parameters:    Size  Location     Type
  self            1    wreg     PTR struct Buffer
		 -> txBuffer(7), rxBuffer(7), 
  arrayIn         1    0[BANK0 ] PTR unsigned char 
		 -> txArray(32), rxArray(32), 
  arrayInSize     1    1[BANK0 ] unsigned char 
  overwrite       1    2[BANK0 ] unsigned char 
 Auto vars:     Size  Location     Type
  self            1    4[BANK0 ] PTR struct Buffer
		 -> txBuffer(7), rxBuffer(7), 
 Return value:  Size  Location     Type
                  1    wreg      void 
 Registers used:
		wreg, fsr1l, fsr1h, status,2, status,0
 Tracked objects:
		On entry : 
		On exit  : 
		Unchanged: 
 Data sizes:     COMMON   BANK0   BANK1   BANK2   BANK3   BANK4   BANK5   BANK6   BANK7   BANK8   BANK9  BANK10  BANK11  BANK12
      Params:         0       3       0       0       0       0       0       0       0       0       0       0       0       0
      Locals:         0       1       0       0       0       0       0       0       0       0       0       0       0       0
      Temps:          0       1       0       0       0       0       0       0       0       0       0       0       0       0
      Totals:         0       5       0       0       0       0       0       0       0       0       0       0       0       0
Total ram usage:        5 bytes
 Hardware stack levels used:    1
 Hardware stack levels required when called:    3
 This function calls:
		Nothing
 This function is called by:
		_Buffer_Init
 This function uses a non-reentrant model


 *************** function _INTERRUPT_InterruptManager *****************
 Defined at:
		line 18 in file "mcc_generated_files/interrupt_manager.c"
 Parameters:    Size  Location     Type
		None
 Auto vars:     Size  Location     Type
		None
 Return value:  Size  Location     Type
                  1    wreg      void 
 Registers used:
		wreg, fsr0l, fsr0h, fsr1l, fsr1h, status,2, status,0, pclath, cstack
 Tracked objects:
		On entry : 
		On exit  : 
		Unchanged: 
 Data sizes:     COMMON   BANK0   BANK1   BANK2   BANK3   BANK4   BANK5   BANK6   BANK7   BANK8   BANK9  BANK10  BANK11  BANK12
      Params:         0       0       0       0       0       0       0       0       0       0       0       0       0       0
      Locals:         0       0       0       0       0       0       0       0       0       0       0       0       0       0
      Temps:          1       0       0       0       0       0       0       0       0       0       0       0       0       0
      Totals:         1       0       0       0       0       0       0       0       0       0       0       0       0       0
Total ram usage:        1 bytes
 Hardware stack levels used:    1
 Hardware stack levels required when called:    2
 This function calls:
		Absolute function
		_UARTReceiveInterrupt
		_UARTTransmitFinished
 This function is called by:
		Interrupt level 1
 This function uses a non-reentrant model


 *************** function _UARTTransmitFinished *****************
 Defined at:
		line 101 in file "Source/main.c"
 Parameters:    Size  Location     Type
		None
 Auto vars:     Size  Location     Type
  dataToSend      1    5[COMMON] unsigned char 
 Return value:  Size  Location     Type
                  1    wreg      void 
 Registers used:
		wreg, fsr0l, fsr0h, fsr1l, fsr1h, status,2, status,0, pclath, cstack
 Tracked objects:
		On entry : 
		On exit  : 
		Unchanged: 
 Data sizes:     COMMON   BANK0   BANK1   BANK2   BANK3   BANK4   BANK5   BANK6   BANK7   BANK8   BANK9  BANK10  BANK11  BANK12
      Params:         0       0       0       0       0       0       0       0       0       0       0       0       0       0
      Locals:         1       0       0       0       0       0       0       0       0       0       0       0       0       0
      Temps:          1       0       0       0       0       0       0       0       0       0       0       0       0       0
      Totals:         2       0       0       0       0       0       0       0       0       0       0       0       0       0
Total ram usage:        2 bytes
 Hardware stack levels used:    1
 Hardware stack levels required when called:    1
 This function calls:
		_UARTTransmitChar
		i1_Buffer_IsNotEmpty
		i1_Buffer_ReadChar
		i1_UARTTransmitDisable
 This function is called by:
		_main
		_INTERRUPT_InterruptManager
 This function uses a non-reentrant model


 *************** function i1_UARTTransmitDisable *****************
 Defined at:
		line 86 in file "Source/UART.c"
 Parameters:    Size  Location     Type
		None
 Auto vars:     Size  Location     Type
		None
 Return value:  Size  Location     Type
                  1    wreg      void 
 Registers used:
		None
 Tracked objects:
		On entry : 
		On exit  : 
		Unchanged: 
 Data sizes:     COMMON   BANK0   BANK1   BANK2   BANK3   BANK4   BANK5   BANK6   BANK7   BANK8   BANK9  BANK10  BANK11  BANK12
      Params:         0       0       0       0       0       0       0       0       0       0       0       0       0       0
      Locals:         0       0       0       0       0       0       0       0       0       0       0       0       0       0
      Temps:          0       0       0       0       0       0       0       0       0       0       0       0       0       0
      Totals:         0       0       0       0       0       0       0       0       0       0       0       0       0       0
Total ram usage:        0 bytes
 Hardware stack levels used:    1
 This function calls:
		Nothing
 This function is called by:
		_UARTTransmitFinished
 This function uses a non-reentrant model


 *************** function i1_Buffer_ReadChar *****************
 Defined at:
		line 97 in file "Source/Buffer.c"
 Parameters:    Size  Location     Type
  self            1    wreg     PTR struct Buffer
		 -> txBuffer(7), rxBuffer(7), 
 Auto vars:     Size  Location     Type
  self            1    3[COMMON] PTR struct Buffer
		 -> txBuffer(7), rxBuffer(7), 
  Buffer_ReadC    1    2[COMMON] unsigned char 
 Return value:  Size  Location     Type
                  1    wreg      unsigned char 
 Registers used:
		wreg, fsr0l, fsr0h, fsr1l, fsr1h, status,2, status,0
 Tracked objects:
		On entry : 
		On exit  : 
		Unchanged: 
 Data sizes:     COMMON   BANK0   BANK1   BANK2   BANK3   BANK4   BANK5   BANK6   BANK7   BANK8   BANK9  BANK10  BANK11  BANK12
      Params:         0       0       0       0       0       0       0       0       0       0       0       0       0       0
      Locals:         2       0       0       0       0       0       0       0       0       0       0       0       0       0
      Temps:          2       0       0       0       0       0       0       0       0       0       0       0       0       0
      Totals:         4       0       0       0       0       0       0       0       0       0       0       0       0       0
Total ram usage:        4 bytes
 Hardware stack levels used:    1
 This function calls:
		Nothing
 This function is called by:
		_UARTTransmitFinished
 This function uses a non-reentrant model


 *************** function i1_Buffer_IsNotEmpty *****************
 Defined at:
		line 140 in file "Source/Buffer.c"
 Parameters:    Size  Location     Type
  self            1    wreg     PTR struct Buffer
		 -> txBuffer(7), rxBuffer(7), 
 Auto vars:     Size  Location     Type
  self            1    0[COMMON] PTR struct Buffer
		 -> txBuffer(7), rxBuffer(7), 
 Return value:  Size  Location     Type
                  1    wreg      unsigned char 
 Registers used:
		wreg, fsr1l, fsr1h, status,2, status,0
 Tracked objects:
		On entry : 
		On exit  : 
		Unchanged: 
 Data sizes:     COMMON   BANK0   BANK1   BANK2   BANK3   BANK4   BANK5   BANK6   BANK7   BANK8   BANK9  BANK10  BANK11  BANK12
      Params:         0       0       0       0       0       0       0       0       0       0       0       0       0       0
      Locals:         1       0       0       0       0       0       0       0       0       0       0       0       0       0
      Temps:          0       0       0       0       0       0       0       0       0       0       0       0       0       0
      Totals:         1       0       0       0       0       0       0       0       0       0       0       0       0       0
Total ram usage:        1 bytes
 Hardware stack levels used:    1
 This function calls:
		Nothing
 This function is called by:
		_UARTTransmitFinished
 This function uses a non-reentrant model


 *************** function _UARTTransmitChar *****************
 Defined at:
		line 71 in file "Source/UART.c"
 Parameters:    Size  Location     Type
  data            1    wreg     unsigned char 
 Auto vars:     Size  Location     Type
  data            1    0[COMMON] unsigned char 
 Return value:  Size  Location     Type
                  1    wreg      void 
 Registers used:
		wreg
 Tracked objects:
		On entry : 
		On exit  : 
		Unchanged: 
 Data sizes:     COMMON   BANK0   BANK1   BANK2   BANK3   BANK4   BANK5   BANK6   BANK7   BANK8   BANK9  BANK10  BANK11  BANK12
      Params:         0       0       0       0       0       0       0       0       0       0       0       0       0       0
      Locals:         1       0       0       0       0       0       0       0       0       0       0       0       0       0
      Temps:          0       0       0       0       0       0       0       0       0       0       0       0       0       0
      Totals:         1       0       0       0       0       0       0       0       0       0       0       0       0       0
Total ram usage:        1 bytes
 Hardware stack levels used:    1
 This function calls:
		Nothing
 This function is called by:
		_UARTTransmitFinished
 This function uses a non-reentrant model


 *************** function _UARTReceiveInterrupt *****************
 Defined at:
		line 93 in file "Source/main.c"
 Parameters:    Size  Location     Type
		None
 Auto vars:     Size  Location     Type
  receivedChar    1    8[COMMON] unsigned char 
 Return value:  Size  Location     Type
                  1    wreg      void 
 Registers used:
		wreg, fsr0l, fsr0h, fsr1l, fsr1h, status,2, status,0, pclath, cstack
 Tracked objects:
		On entry : 
		On exit  : 
		Unchanged: 
 Data sizes:     COMMON   BANK0   BANK1   BANK2   BANK3   BANK4   BANK5   BANK6   BANK7   BANK8   BANK9  BANK10  BANK11  BANK12
      Params:         0       0       0       0       0       0       0       0       0       0       0       0       0       0
      Locals:         1       0       0       0       0       0       0       0       0       0       0       0       0       0
      Temps:          1       0       0       0       0       0       0       0       0       0       0       0       0       0
      Totals:         2       0       0       0       0       0       0       0       0       0       0       0       0       0
Total ram usage:        2 bytes
 Hardware stack levels used:    1
 Hardware stack levels required when called:    1
 This function calls:
		_UARTGetReceivedChar
		i1_Buffer_WriteChar
 This function is called by:
		_main
		_INTERRUPT_InterruptManager
 This function uses a non-reentrant model


 *************** function i1_Buffer_WriteChar *****************
 Defined at:
		line 56 in file "Source/Buffer.c"
 Parameters:    Size  Location     Type
  self            1    wreg     PTR struct Buffer
		 -> txBuffer(7), rxBuffer(7), 
  receivedChar    1    0[COMMON] unsigned char 
 Auto vars:     Size  Location     Type
  self            1    6[COMMON] PTR struct Buffer
		 -> txBuffer(7), rxBuffer(7), 
  Buffer_Write    1    5[COMMON] unsigned char 
 Return value:  Size  Location     Type
                  1    wreg      void 
 Registers used:
		wreg, fsr0l, fsr0h, fsr1l, fsr1h, status,2, status,0
 Tracked objects:
		On entry : 
		On exit  : 
		Unchanged: 
 Data sizes:     COMMON   BANK0   BANK1   BANK2   BANK3   BANK4   BANK5   BANK6   BANK7   BANK8   BANK9  BANK10  BANK11  BANK12
      Params:         1       0       0       0       0       0       0       0       0       0       0       0       0       0
      Locals:         4       0       0       0       0       0       0       0       0       0       0       0       0       0
      Temps:          2       0       0       0       0       0       0       0       0       0       0       0       0       0
      Totals:         7       0       0       0       0       0       0       0       0       0       0       0       0       0
Total ram usage:        7 bytes
 Hardware stack levels used:    1
 This function calls:
		Nothing
 This function is called by:
		_UARTReceiveInterrupt
 This function uses a non-reentrant model


 *************** function _UARTGetReceivedChar *****************
 Defined at:
		line 112 in file "Source/UART.c"
 Parameters:    Size  Location     Type
		None
 Auto vars:     Size  Location     Type
		None
 Return value:  Size  Location     Type
                  1    wreg      unsigned char 
 Registers used:
		wreg
 Tracked objects:
		On entry : 
		On exit  : 
		Unchanged: 
 Data sizes:     COMMON   BANK0   BANK1   BANK2   BANK3   BANK4   BANK5   BANK6   BANK7   BANK8   BANK9  BANK10  BANK11  BANK12
      Params:         0       0       0       0       0       0       0       0       0       0       0       0       0       0
      Locals:         0       0       0       0       0       0       0       0       0       0       0       0       0       0
      Temps:          0       0       0       0       0       0       0       0       0       0       0       0       0       0
      Totals:         0       0       0       0       0       0       0       0       0       0       0       0       0       0
Total ram usage:        0 bytes
 Hardware stack levels used:    1
 This function calls:
		Nothing
 This function is called by:
		_UARTReceiveInterrupt
 This function uses a non-reentrant model



MODULE INFORMATION

Module		Function		Class		Link	Load	Size
mcc_generated_files/interrupt_manager.c
		_INTERRUPT_InterruptManager		CODE           	0004	0000	31
		_Set_EUSART_Transmit_ISR		CODE           	02C3	0000	7
		_Set_EUSART_Receive_ISR		CODE           	02C9	0000	7

mcc_generated_files/interrupt_manager.c estimated size: 45

Source/Buffer.c
		_Buffer_Init   		CODE           	0282	0000	16
		_Buffer_InitWithOverwrite		CODE           	0233	0000	32
		_Buffer_WriteChar		CODE           	003B	0000	152
		_Buffer_IsFull 		CODE           	01A8	0000	53
		_Buffer_IsNotEmpty		CODE           	029F	0000	13
		_Buffer_ReadChar		CODE           	01DC	0000	45

Source/Buffer.c estimated size: 311

shared
		i1_Buffer_WriteChar		CODE           	00D2	0000	151
		__initialization		CODE           	0024	0000	20
		i1_Buffer_IsNotEmpty		CODE           	02AB	0000	12
		i1_Buffer_ReadChar		CODE           	0208	0000	44
		i1_UARTTransmitDisable		CODE           	02D5	0000	4

shared estimated size: 231

Source/UART.c
		_UARTTransmitDisable		CODE           	02D2	0000	4
		_UARTTransmitChar		CODE           	02B6	0000	8
		_UARTGetReceivedChar		CODE           	02D8	0000	4
		_UARTTransmitEnable		CODE           	02CF	0000	4

Source/UART.c estimated size: 20

Source/main.c
		_UARTTransmitFinished		CODE           	026D	0000	22
		_main          		CODE           	0168	0000	65
		_TransmitChar  		CODE           	0252	0000	28
		_UARTReceiveInterrupt		CODE           	0291	0000	15

Source/main.c estimated size: 130

